Archive member included because of file (symbol)

C:/NXP/S32DS_ARM_v2018.R1/Cross_Tools/gcc-arm-none-eabi-4_9/arm-none-eabi/newlib/lib/armv7e-m/fpu\libc_nano.a(lib_a-exit.o)
                              C:/NXP/S32DS_ARM_v2018.R1/Cross_Tools/gcc-arm-none-eabi-4_9/arm-none-eabi/newlib/lib/armv7e-m/fpu/crt0.o (exit)
C:/NXP/S32DS_ARM_v2018.R1/Cross_Tools/gcc-arm-none-eabi-4_9/arm-none-eabi/newlib/lib/armv7e-m/fpu\libc_nano.a(lib_a-impure.o)
                              C:/NXP/S32DS_ARM_v2018.R1/Cross_Tools/gcc-arm-none-eabi-4_9/arm-none-eabi/newlib/lib/armv7e-m/fpu\libc_nano.a(lib_a-exit.o) (_global_impure_ptr)
C:/NXP/S32DS_ARM_v2018.R1/Cross_Tools/gcc-arm-none-eabi-4_9/arm-none-eabi/newlib/lib/armv7e-m/fpu\libc_nano.a(lib_a-init.o)
                              C:/NXP/S32DS_ARM_v2018.R1/Cross_Tools/gcc-arm-none-eabi-4_9/arm-none-eabi/newlib/lib/armv7e-m/fpu/crt0.o (__libc_init_array)
C:/NXP/S32DS_ARM_v2018.R1/Cross_Tools/gcc-arm-none-eabi-4_9/arm-none-eabi/newlib/lib/armv7e-m/fpu\libc_nano.a(lib_a-memset.o)
                              C:/NXP/S32DS_ARM_v2018.R1/Cross_Tools/gcc-arm-none-eabi-4_9/arm-none-eabi/newlib/lib/armv7e-m/fpu/crt0.o (memset)
C:/NXP/S32DS_ARM_v2018.R1/Cross_Tools/gcc-arm-none-eabi-4_9/arm-none-eabi/newlib/lib/armv7e-m/fpu\librdimon_nano.a(rdimon-_exit.o)
                              C:/NXP/S32DS_ARM_v2018.R1/Cross_Tools/gcc-arm-none-eabi-4_9/arm-none-eabi/newlib/lib/armv7e-m/fpu\libc_nano.a(lib_a-exit.o) (_exit)
C:/NXP/S32DS_ARM_v2018.R1/Cross_Tools/gcc-arm-none-eabi-4_9/arm-none-eabi/newlib/lib/armv7e-m/fpu\librdimon_nano.a(rdimon-_kill.o)
                              C:/NXP/S32DS_ARM_v2018.R1/Cross_Tools/gcc-arm-none-eabi-4_9/arm-none-eabi/newlib/lib/armv7e-m/fpu\librdimon_nano.a(rdimon-_exit.o) (_kill)

Allocating common symbols
Common symbol       size              file

RxFrame             0x4               ./Sources/main.o
TxFrame             0x5ea             ./Sources/main.o
g_xtal0ClkFreq      0x4               ./SDK/platform/drivers/src/clock/S32K1xx/clock_S32K1xx.o
ethernet1_txBuffDescrip0
                    0xa0              ./Generated_Code/ethernet1.o
PhyLinkUp           0x1               ./Sources/main.o
ethernet1_rxDataBuff0
                    0x1db0            ./Generated_Code/ethernet1.o
g_RtcClkInFreq      0x4               ./SDK/platform/drivers/src/clock/S32K1xx/clock_S32K1xx.o
ethernet1_State     0x1c              ./Generated_Code/ethernet1.o
g_TClkFreq          0xc               ./SDK/platform/drivers/src/clock/S32K1xx/clock_S32K1xx.o
ethernet1_rxBuffDescrip0
                    0xa0              ./Generated_Code/ethernet1.o
g_phyConfig         0x4               ./SDK/platform/drivers/src/phy/phy.o
dmaController1_State
                    0x40              ./Generated_Code/dmaController1.o
dmaController1Chn0_State
                    0x10              ./Generated_Code/dmaController1.o

Discarded input sections

 .text          0x00000000        0x0 c:/nxp/s32ds_arm_v2018.r1/cross_tools/gcc-arm-none-eabi-4_9/bin/../lib/gcc/arm-none-eabi/4.9.3/armv7e-m/fpu/crti.o
 .data          0x00000000        0x0 c:/nxp/s32ds_arm_v2018.r1/cross_tools/gcc-arm-none-eabi-4_9/bin/../lib/gcc/arm-none-eabi/4.9.3/armv7e-m/fpu/crti.o
 .bss           0x00000000        0x0 c:/nxp/s32ds_arm_v2018.r1/cross_tools/gcc-arm-none-eabi-4_9/bin/../lib/gcc/arm-none-eabi/4.9.3/armv7e-m/fpu/crti.o
 .data          0x00000000        0x4 c:/nxp/s32ds_arm_v2018.r1/cross_tools/gcc-arm-none-eabi-4_9/bin/../lib/gcc/arm-none-eabi/4.9.3/armv7e-m/fpu/crtbegin.o
 .text          0x00000000       0x74 C:/NXP/S32DS_ARM_v2018.R1/Cross_Tools/gcc-arm-none-eabi-4_9/arm-none-eabi/newlib/lib/armv7e-m/fpu/crt0.o
 .data          0x00000000        0x0 C:/NXP/S32DS_ARM_v2018.R1/Cross_Tools/gcc-arm-none-eabi-4_9/arm-none-eabi/newlib/lib/armv7e-m/fpu/crt0.o
 .bss           0x00000000        0x0 C:/NXP/S32DS_ARM_v2018.R1/Cross_Tools/gcc-arm-none-eabi-4_9/arm-none-eabi/newlib/lib/armv7e-m/fpu/crt0.o
 .ARM.extab     0x00000000        0x0 C:/NXP/S32DS_ARM_v2018.R1/Cross_Tools/gcc-arm-none-eabi-4_9/arm-none-eabi/newlib/lib/armv7e-m/fpu/crt0.o
 .ARM.exidx     0x00000000        0x8 C:/NXP/S32DS_ARM_v2018.R1/Cross_Tools/gcc-arm-none-eabi-4_9/arm-none-eabi/newlib/lib/armv7e-m/fpu/crt0.o
 .ARM.attributes
                0x00000000       0x20 C:/NXP/S32DS_ARM_v2018.R1/Cross_Tools/gcc-arm-none-eabi-4_9/arm-none-eabi/newlib/lib/armv7e-m/fpu/crt0.o
 .group         0x00000000        0x8 ./Sources/main.o
 .group         0x00000000        0x8 ./Sources/main.o
 .group         0x00000000        0x8 ./Sources/main.o
 .group         0x00000000        0x8 ./Sources/main.o
 .group         0x00000000        0x8 ./Sources/main.o
 .group         0x00000000        0x8 ./Sources/main.o
 .group         0x00000000        0x8 ./Sources/main.o
 .group         0x00000000        0x8 ./Sources/main.o
 .group         0x00000000        0x8 ./Sources/main.o
 .group         0x00000000        0x8 ./Sources/main.o
[...]
Memory Configuration

Name             Origin             Length             Attributes
m_interrupts     0x1ffe0000         0x00000400         xr
m_text           0x1ffe0400         0x0001fc00         xr
m_data           0x20000000         0x0001f000         rw
*default*        0x00000000         0xffffffff

Linker script and memory map

LOAD c:/nxp/s32ds_arm_v2018.r1/cross_tools/gcc-arm-none-eabi-4_9/bin/../lib/gcc/arm-none-eabi/4.9.3/armv7e-m/fpu/crti.o
LOAD c:/nxp/s32ds_arm_v2018.r1/cross_tools/gcc-arm-none-eabi-4_9/bin/../lib/gcc/arm-none-eabi/4.9.3/armv7e-m/fpu/crtbegin.o
LOAD C:/NXP/S32DS_ARM_v2018.R1/Cross_Tools/gcc-arm-none-eabi-4_9/arm-none-eabi/newlib/lib/armv7e-m/fpu/crt0.o
LOAD ./Sources/main.o
LOAD ./SDK/rtos/osif/osif_baremetal.o
LOAD ./SDK/platform/drivers/src/pins/pins_port_hw_access.o
LOAD ./SDK/platform/drivers/src/pins/pins_driver.o
LOAD ./SDK/platform/drivers/src/phy/phy_tja110x.o
LOAD ./SDK/platform/drivers/src/phy/phy_generic.o
LOAD ./SDK/platform/drivers/src/phy/phy.o
LOAD ./SDK/platform/drivers/src/interrupt/interrupt_manager.o
LOAD ./SDK/platform/drivers/src/enet/enet_irq.o
LOAD ./SDK/platform/drivers/src/enet/enet_hw_access.o
LOAD ./SDK/platform/drivers/src/enet/enet_driver.o
LOAD ./SDK/platform/drivers/src/edma/edma_irq.o
LOAD ./SDK/platform/drivers/src/edma/edma_hw_access.o
LOAD ./SDK/platform/drivers/src/edma/edma_driver.o
LOAD ./SDK/platform/drivers/src/clock/clock_manager.o
LOAD ./SDK/platform/drivers/src/clock/S32K1xx/clock_S32K1xx.o
LOAD ./SDK/platform/devices/startup.o
LOAD ./SDK/platform/devices/S32K148/startup/system_S32K148.o
LOAD ./Project_Settings/Startup_Code/startup_S32K148.o
LOAD ./Generated_Code/pin_mux.o
LOAD ./Generated_Code/phy_cfg.o
LOAD ./Generated_Code/ethernet1.o
LOAD ./Generated_Code/dmaController1.o
LOAD ./Generated_Code/clockMan1.o
LOAD ./Generated_Code/Cpu.o
LOAD C:/NXP/S32DS_ARM_v2018.R1/Cross_Tools/gcc-arm-none-eabi-4_9/arm-none-eabi/newlib/lib/armv7e-m/fpu\libc_nano.a
LOAD c:/nxp/s32ds_arm_v2018.r1/cross_tools/gcc-arm-none-eabi-4_9/bin/../lib/gcc/arm-none-eabi/4.9.3/armv7e-m/fpu\libgcc.a
LOAD C:/NXP/S32DS_ARM_v2018.R1/Cross_Tools/gcc-arm-none-eabi-4_9/arm-none-eabi/newlib/lib/armv7e-m/fpu\libm.a
LOAD C:/NXP/S32DS_ARM_v2018.R1/Cross_Tools/gcc-arm-none-eabi-4_9/arm-none-eabi/newlib/lib/armv7e-m/fpu\librdimon_nano.a
START GROUP
LOAD c:/nxp/s32ds_arm_v2018.r1/cross_tools/gcc-arm-none-eabi-4_9/bin/../lib/gcc/arm-none-eabi/4.9.3/armv7e-m/fpu\libgcc.a
LOAD C:/NXP/S32DS_ARM_v2018.R1/Cross_Tools/gcc-arm-none-eabi-4_9/arm-none-eabi/newlib/lib/armv7e-m/fpu\libc_nano.a
END GROUP
START GROUP
LOAD c:/nxp/s32ds_arm_v2018.r1/cross_tools/gcc-arm-none-eabi-4_9/bin/../lib/gcc/arm-none-eabi/4.9.3/armv7e-m/fpu\libgcc.a
LOAD C:/NXP/S32DS_ARM_v2018.R1/Cross_Tools/gcc-arm-none-eabi-4_9/arm-none-eabi/newlib/lib/armv7e-m/fpu\libc_nano.a
LOAD C:/NXP/S32DS_ARM_v2018.R1/Cross_Tools/gcc-arm-none-eabi-4_9/arm-none-eabi/newlib/lib/armv7e-m/fpu\libnosys.a
END GROUP
START GROUP
LOAD c:/nxp/s32ds_arm_v2018.r1/cross_tools/gcc-arm-none-eabi-4_9/bin/../lib/gcc/arm-none-eabi/4.9.3/armv7e-m/fpu\libgcc.a
LOAD C:/NXP/S32DS_ARM_v2018.R1/Cross_Tools/gcc-arm-none-eabi-4_9/arm-none-eabi/newlib/lib/armv7e-m/fpu\libc_nano.a
LOAD C:/NXP/S32DS_ARM_v2018.R1/Cross_Tools/gcc-arm-none-eabi-4_9/arm-none-eabi/newlib/lib/armv7e-m/fpu\libnosys.a
END GROUP
LOAD c:/nxp/s32ds_arm_v2018.r1/cross_tools/gcc-arm-none-eabi-4_9/bin/../lib/gcc/arm-none-eabi/4.9.3/armv7e-m/fpu/crtend.o
LOAD c:/nxp/s32ds_arm_v2018.r1/cross_tools/gcc-arm-none-eabi-4_9/bin/../lib/gcc/arm-none-eabi/4.9.3/armv7e-m/fpu/crtn.o
                0x00000400                HEAP_SIZE = DEFINED (__heap_size__)?__heap_size__:0x400
                0x00000400                STACK_SIZE = DEFINED (__stack_size__)?__stack_size__:0x400

.interrupts     0x1ffe0000      0x400
                0x1ffe0000                __VECTOR_TABLE = .
                0x1ffe0000                . = ALIGN (0x4)
 *(.isr_vector)
 .isr_vector    0x1ffe0000      0x400 ./Project_Settings/Startup_Code/startup_S32K148.o
                0x1ffe0000                __isr_vector
                0x1ffe0400                . = ALIGN (0x4)
                0x1ffe0000                __VECTOR_RAM = __VECTOR_TABLE
                0x00000000                __RAM_VECTOR_TABLE_SIZE = 0x0

.text           0x1ffe0400     0x2d14
                0x1ffe0400                . = ALIGN (0x4)
 *(.text)
 .text          0x1ffe0400       0x5c c:/nxp/s32ds_arm_v2018.r1/cross_tools/gcc-arm-none-eabi-4_9/bin/../lib/gcc/arm-none-eabi/4.9.3/armv7e-m/fpu/crtbegin.o
 .text          0x1ffe045c       0x44 ./Project_Settings/Startup_Code/startup_S32K148.o
                0x1ffe045c                Reset_Handler
                0x1ffe049c                FTM5_Ch2_Ch3_IRQHandler
                0x1ffe049c                DebugMon_Handler
                0x1ffe049c                CAN0_ORed_IRQHandler
                0x1ffe049c                HardFault_Handler
                0x1ffe049c                FTM7_Ch2_Ch3_IRQHandler
                0x1ffe049c                Reserved103_IRQHandler
                0x1ffe049c                FTM7_Ch6_Ch7_IRQHandler
                0x1ffe049c                FTM2_Ovf_Reload_IRQHandler
                0x1ffe049c                Reserved50_IRQHandler
                0x1ffe049c                FTFC_Fault_IRQHandler
                0x1ffe049c                FTM0_Ch6_Ch7_IRQHandler
                0x1ffe049c                Reserved114_IRQHandler
                0x1ffe049c                PendSV_Handler
                0x1ffe049c                NMI_Handler
                0x1ffe049c                ERM_double_fault_IRQHandler
                0x1ffe049c                Reserved59_IRQHandler
                0x1ffe049c                LPIT0_Ch0_IRQHandler
                0x1ffe049c                Reserved99_IRQHandler
                0x1ffe049c                FTM7_Ch4_Ch5_IRQHandler
                0x1ffe049c                FTM3_Ch6_Ch7_IRQHandler
                0x1ffe049c                CAN2_ORed_0_15_MB_IRQHandler
                0x1ffe049c                LPIT0_Ch3_IRQHandler
                0x1ffe049c                LPI2C1_Master_IRQHandler
                0x1ffe049c                FTM0_Ch4_Ch5_IRQHandler
                0x1ffe049c                CAN1_Error_IRQHandler
                0x1ffe049c                FTM4_Ch6_Ch7_IRQHandler
                0x1ffe049c                FTM3_Ch0_Ch1_IRQHandler
                0x1ffe049c                SWI_IRQHandler
                0x1ffe049c                ADC0_IRQHandler
                0x1ffe049c                FTM2_Ch4_Ch5_IRQHandler
                0x1ffe049c                UsageFault_Handler
                0x1ffe049c                FTM0_Ovf_Reload_IRQHandler
                0x1ffe049c                FTM4_Fault_IRQHandler
                0x1ffe049c                DefaultISR
                0x1ffe049c                Reserved58_IRQHandler
                0x1ffe049c                FTM7_Fault_IRQHandler
                0x1ffe049c                LPI2C1_Slave_IRQHandler
                0x1ffe049c                CAN1_ORed_0_15_MB_IRQHandler
                0x1ffe049c                FTM1_Ch2_Ch3_IRQHandler
                0x1ffe049c                Reserved82_IRQHandler
                0x1ffe049c                CAN0_ORed_16_31_MB_IRQHandler
                0x1ffe049c                LPI2C0_Slave_IRQHandler
                0x1ffe049c                PORTD_IRQHandler
                0x1ffe049c                SAI1_Rx_IRQHandler
                0x1ffe049c                Reserved69_IRQHandler
                0x1ffe049c                PORTB_IRQHandler
                0x1ffe049c                Reserved70_IRQHandler
                0x1ffe049c                ADC1_IRQHandler
                0x1ffe049c                FTM2_Ch2_Ch3_IRQHandler
                0x1ffe049c                FTM5_Ch0_Ch1_IRQHandler
                0x1ffe049c                Reserved53_IRQHandler
                0x1ffe049c                RTC_IRQHandler
                0x1ffe049c                PDB0_IRQHandler
                0x1ffe049c                Reserved54_IRQHandler
                0x1ffe049c                FTM6_Fault_IRQHandler
                0x1ffe049c                FTM2_Ch6_Ch7_IRQHandler
                0x1ffe049c                FTM6_Ch4_Ch5_IRQHandler
                0x1ffe049c                FTM3_Ch2_Ch3_IRQHandler
                0x1ffe049c                FTM6_Ch2_Ch3_IRQHandler
                0x1ffe049c                FTM2_Ch0_Ch1_IRQHandler
                0x1ffe049c                LPSPI1_IRQHandler
                0x1ffe049c                LPUART1_RxTx_IRQHandler
                0x1ffe049c                FTM4_Ovf_Reload_IRQHandler
                0x1ffe049c                RTC_Seconds_IRQHandler
                0x1ffe049c                FTM7_Ch0_Ch1_IRQHandler
                0x1ffe049c                CAN2_ORed_IRQHandler
                0x1ffe049c                Reserved110_IRQHandler
                0x1ffe049c                Reserved107_IRQHandler
                0x1ffe049c                Read_Collision_IRQHandler
                0x1ffe049c                CAN2_Error_IRQHandler
                0x1ffe049c                FTFC_IRQHandler
                0x1ffe049c                FTM1_Ch6_Ch7_IRQHandler
                0x1ffe049c                FTM5_Fault_IRQHandler
                0x1ffe049c                FTM6_Ovf_Reload_IRQHandler
                0x1ffe049c                LPIT0_Ch1_IRQHandler
                0x1ffe049c                FTM4_Ch0_Ch1_IRQHandler
                0x1ffe049c                FTM1_Ch4_Ch5_IRQHandler
                0x1ffe049c                FTM3_Ovf_Reload_IRQHandler
                0x1ffe049c                SAI0_Tx_IRQHandler
                0x1ffe049c                LPUART2_RxTx_IRQHandler
                0x1ffe049c                FTM5_Ch4_Ch5_IRQHandler
                0x1ffe049c                LPSPI0_IRQHandler
                0x1ffe049c                WDOG_EWM_IRQHandler
                0x1ffe049c                MemManage_Handler
                0x1ffe049c                Reserved83_IRQHandler
                0x1ffe049c                FTM0_Fault_IRQHandler
                0x1ffe049c                FTM6_Ch6_Ch7_IRQHandler
                0x1ffe049c                Reserved48_IRQHandler
                0x1ffe049c                SVC_Handler
                0x1ffe049c                ERM_single_fault_IRQHandler
                0x1ffe049c                FTM2_Fault_IRQHandler
                0x1ffe049c                FTM0_Ch2_Ch3_IRQHandler
                0x1ffe049c                FTM4_Ch2_Ch3_IRQHandler
                0x1ffe049c                FTM0_Ch0_Ch1_IRQHandler
                0x1ffe049c                FTM4_Ch4_Ch5_IRQHandler
                0x1ffe049c                FTM5_Ovf_Reload_IRQHandler
                0x1ffe049c                FTM3_Fault_IRQHandler
                0x1ffe049c                RCM_IRQHandler
                0x1ffe049c                Reserved100_IRQHandler
                0x1ffe049c                CAN1_ORed_IRQHandler
                0x1ffe049c                SAI0_Rx_IRQHandler
                0x1ffe049c                SCG_IRQHandler
                0x1ffe049c                PDB1_IRQHandler
                0x1ffe049c                CAN2_ORed_16_31_MB_IRQHandler
                0x1ffe049c                CAN0_Error_IRQHandler
                0x1ffe049c                LPI2C0_Master_IRQHandler
                0x1ffe049c                FTM1_Fault_IRQHandler
                0x1ffe049c                Reserved106_IRQHandler
                0x1ffe049c                LVD_LVW_IRQHandler
                0x1ffe049c                ENET_STOP_IRQHandler
                0x1ffe049c                LPIT0_Ch2_IRQHandler
                0x1ffe049c                PORTA_IRQHandler
                0x1ffe049c                FTM5_Ch6_Ch7_IRQHandler
                0x1ffe049c                CAN1_ORed_16_31_MB_IRQHandler
                0x1ffe049c                MCM_IRQHandler
                0x1ffe049c                LPSPI2_IRQHandler
                0x1ffe049c                FTM7_Ovf_Reload_IRQHandler
                0x1ffe049c                FTM3_Ch4_Ch5_IRQHandler
                0x1ffe049c                CAN0_ORed_0_15_MB_IRQHandler
                0x1ffe049c                PORTE_IRQHandler
                0x1ffe049c                LPUART0_RxTx_IRQHandler
                0x1ffe049c                FTM6_Ch0_Ch1_IRQHandler
                0x1ffe049c                LPTMR0_IRQHandler
                0x1ffe049c                BusFault_Handler
                0x1ffe049c                FTM1_Ovf_Reload_IRQHandler
                0x1ffe049c                CAN0_Wake_Up_IRQHandler
                0x1ffe049c                QSPI_IRQHandler
                0x1ffe049c                CMP0_IRQHandler
                0x1ffe049c                Reserved52_IRQHandler
                0x1ffe049c                PORTC_IRQHandler
                0x1ffe049c                FTM1_Ch0_Ch1_IRQHandler
                0x1ffe049c                FLEXIO_IRQHandler
                0x1ffe049c                SAI1_Tx_IRQHandler
                0x1ffe049c                Reserved113_IRQHandler
 *(.text*)
 .text.link_up  0x1ffe04a0       0x10 ./Sources/main.o
                0x1ffe04a0                link_up
 .text.link_down
                0x1ffe04b0       0x10 ./Sources/main.o
                0x1ffe04b0                link_down
 .text.delay    0x1ffe04c0       0x14 ./Sources/main.o
                0x1ffe04c0                delay
 .text.copyBuff
                0x1ffe04d4       0x1c ./Sources/main.o
                0x1ffe04d4                copyBuff
 .text.main     0x1ffe04f0      0x174 ./Sources/main.o
                0x1ffe04f0                main
 .text.SysTick_Handler
                0x1ffe0664       0x10 ./SDK/rtos/osif/osif_baremetal.o
                0x1ffe0664                SysTick_Handler
 .text.OSIF_GetMilliseconds
                0x1ffe0674        0xc ./SDK/rtos/osif/osif_baremetal.o
                0x1ffe0674                OSIF_GetMilliseconds
 .text.PINS_Init
                0x1ffe0680      0x10c ./SDK/platform/drivers/src/pins/pins_port_hw_access.o
                0x1ffe0680                PINS_Init
 .text.PINS_DRV_Init
                0x1ffe078c       0x28 ./SDK/platform/drivers/src/pins/pins_driver.o
                0x1ffe078c                PINS_DRV_Init
 .text.PINS_DRV_SetPins
                0x1ffe07b4        0x4 ./SDK/platform/drivers/src/pins/pins_driver.o
                0x1ffe07b4                PINS_DRV_SetPins
 .text.PINS_DRV_ClearPins
                0x1ffe07b8        0x4 ./SDK/platform/drivers/src/pins/pins_driver.o
                0x1ffe07b8                PINS_DRV_ClearPins
 .text.returnNotSupported
                0x1ffe07bc        0x4 ./SDK/platform/drivers/src/phy/phy_tja110x.o
 .text.enableInterrupts
                0x1ffe07c0       0x10 ./SDK/platform/drivers/src/phy/phy_tja110x.o
 .text.setLoopback
                0x1ffe07d0       0x60 ./SDK/platform/drivers/src/phy/phy_tja110x.o
 .text.setRole  0x1ffe0830       0x58 ./SDK/platform/drivers/src/phy/phy_tja110x.o
 .text.wakeup   0x1ffe0888       0x28 ./SDK/platform/drivers/src/phy/phy_tja110x.o
 .text.sleep    0x1ffe08b0       0x14 ./SDK/platform/drivers/src/phy/phy_tja110x.o
 .text.goFromStandbyToNormalMode
                0x1ffe08c4       0x5c ./SDK/platform/drivers/src/phy/phy_tja110x.o
 .text.resume   0x1ffe0920       0x2c ./SDK/platform/drivers/src/phy/phy_tja110x.o
 .text.handleInterrupt
                0x1ffe094c      0x114 ./SDK/platform/drivers/src/phy/phy_tja110x.o
 .text.init     0x1ffe0a60       0xac ./SDK/platform/drivers/src/phy/phy_tja110x.o
 .text.returnNotSupported
                0x1ffe0b0c        0x4 ./SDK/platform/drivers/src/phy/phy_generic.o
 .text.restartAutoneg
                0x1ffe0b10       0x28 ./SDK/platform/drivers/src/phy/phy_generic.o
 .text.disableAutoneg
                0x1ffe0b38       0x28 ./SDK/platform/drivers/src/phy/phy_generic.o
 .text.enableAutoneg
                0x1ffe0b60       0x28 ./SDK/platform/drivers/src/phy/phy_generic.o
 .text.setLoopback
                0x1ffe0b88       0x28 ./SDK/platform/drivers/src/phy/phy_generic.o
 .text.setRole  0x1ffe0bb0       0x54 ./SDK/platform/drivers/src/phy/phy_generic.o
 .text.resume   0x1ffe0c04       0x10 ./SDK/platform/drivers/src/phy/phy_generic.o
 .text.suspend  0x1ffe0c14       0x10 ./SDK/platform/drivers/src/phy/phy_generic.o
 .text.reset    0x1ffe0c24       0x10 ./SDK/platform/drivers/src/phy/phy_generic.o
 .text.getLinkSpeed
                0x1ffe0c34       0x50 ./SDK/platform/drivers/src/phy/phy_generic.o
 .text.getLinkStatus
                0x1ffe0c84       0x24 ./SDK/platform/drivers/src/phy/phy_generic.o
 .text.mainFunction
                0x1ffe0ca8       0x78 ./SDK/platform/drivers/src/phy/phy_generic.o
 .text.getId    0x1ffe0d20       0x44 ./SDK/platform/drivers/src/phy/phy_generic.o
 .text.init     0x1ffe0d64       0xac ./SDK/platform/drivers/src/phy/phy_generic.o
 .text.PHY_FrameworkInit
                0x1ffe0e10       0x14 ./SDK/platform/drivers/src/phy/phy.o
                0x1ffe0e10                PHY_FrameworkInit
 .text.PHY_Init
                0x1ffe0e24       0x20 ./SDK/platform/drivers/src/phy/phy.o
                0x1ffe0e24                PHY_Init
 .text.PHY_GetLinkStatus
                0x1ffe0e44       0x20 ./SDK/platform/drivers/src/phy/phy.o
                0x1ffe0e44                PHY_GetLinkStatus
 .text.PHY_Write
                0x1ffe0e64       0x3c ./SDK/platform/drivers/src/phy/phy.o
                0x1ffe0e64                PHY_Write
 .text.PHY_Read
                0x1ffe0ea0       0x3c ./SDK/platform/drivers/src/phy/phy.o
                0x1ffe0ea0                PHY_Read
 .text.PHY_RMR  0x1ffe0edc       0x38 ./SDK/platform/drivers/src/phy/phy.o
                0x1ffe0edc                PHY_RMR
 .text.INT_SYS_EnableIRQ
                0x1ffe0f14       0x2c ./SDK/platform/drivers/src/interrupt/interrupt_manager.o
                0x1ffe0f14                INT_SYS_EnableIRQ
 .text.INT_SYS_EnableIRQGlobal
                0x1ffe0f40       0x1c ./SDK/platform/drivers/src/interrupt/interrupt_manager.o
                0x1ffe0f40                INT_SYS_EnableIRQGlobal
 .text.INT_SYS_DisableIRQGlobal
                0x1ffe0f5c       0x10 ./SDK/platform/drivers/src/interrupt/interrupt_manager.o
                0x1ffe0f5c                INT_SYS_DisableIRQGlobal
 .text.ENET_TX_IRQHandler
                0x1ffe0f6c        0xc ./SDK/platform/drivers/src/enet/enet_irq.o
                0x1ffe0f6c                ENET_TX_IRQHandler
 .text.ENET_RX_IRQHandler
                0x1ffe0f78        0xc ./SDK/platform/drivers/src/enet/enet_irq.o
                0x1ffe0f78                ENET_RX_IRQHandler
 .text.ENET_ERR_IRQHandler
                0x1ffe0f84        0xc ./SDK/platform/drivers/src/enet/enet_irq.o
                0x1ffe0f84                ENET_ERR_IRQHandler
 .text.ENET_WAKE_IRQHandler
                0x1ffe0f90        0xc ./SDK/platform/drivers/src/enet/enet_irq.o
                0x1ffe0f90                ENET_WAKE_IRQHandler
 .text.ENET_TIMER_IRQHandler
                0x1ffe0f9c        0xc ./SDK/platform/drivers/src/enet/enet_irq.o
                0x1ffe0f9c                ENET_TIMER_IRQHandler
 .text.ENET_ConfigBufferDescriptors
                0x1ffe0fa8       0xf4 ./SDK/platform/drivers/src/enet/enet_hw_access.o
                0x1ffe0fa8                ENET_ConfigBufferDescriptors
 .text.ENET_ConfigReceiveControl
                0x1ffe109c       0xd0 ./SDK/platform/drivers/src/enet/enet_hw_access.o
                0x1ffe109c                ENET_ConfigReceiveControl
 .text.ENET_ConfigTransmitControl
                0x1ffe116c       0x38 ./SDK/platform/drivers/src/enet/enet_hw_access.o
                0x1ffe116c                ENET_ConfigTransmitControl
 .text.ENET_TransmitIRQHandler
                0x1ffe11a4       0x2c ./SDK/platform/drivers/src/enet/enet_hw_access.o
                0x1ffe11a4                ENET_TransmitIRQHandler
 .text.ENET_ReceiveIRQHandler
                0x1ffe11d0       0x2c ./SDK/platform/drivers/src/enet/enet_hw_access.o
                0x1ffe11d0                ENET_ReceiveIRQHandler
 .text.ENET_ErrorIRQHandler
                0x1ffe11fc       0x3c ./SDK/platform/drivers/src/enet/enet_hw_access.o
                0x1ffe11fc                ENET_ErrorIRQHandler
 .text.ENET_WakeIRQHandler
                0x1ffe1238       0x38 ./SDK/platform/drivers/src/enet/enet_hw_access.o
                0x1ffe1238                ENET_WakeIRQHandler
 .text.ENET_TimerIRQHandler
                0x1ffe1270       0x34 ./SDK/platform/drivers/src/enet/enet_hw_access.o
                0x1ffe1270                ENET_TimerIRQHandler
 .text.ENET_DRV_ReadFrame
                0x1ffe12a4       0xb8 ./SDK/platform/drivers/src/enet/enet_driver.o
                0x1ffe12a4                ENET_DRV_ReadFrame
 .text.ENET_DRV_SendFrame
                0x1ffe135c       0x78 ./SDK/platform/drivers/src/enet/enet_driver.o
                0x1ffe135c                ENET_DRV_SendFrame
 .text.ENET_DRV_GetTransmitStatus
                0x1ffe13d4       0x68 ./SDK/platform/drivers/src/enet/enet_driver.o
                0x1ffe13d4                ENET_DRV_GetTransmitStatus
 .text.ENET_DRV_ProvideRxBuff
                0x1ffe143c       0x6c ./SDK/platform/drivers/src/enet/enet_driver.o
                0x1ffe143c                ENET_DRV_ProvideRxBuff
 .text.ENET_DRV_EnableMDIO
                0x1ffe14a8       0x74 ./SDK/platform/drivers/src/enet/enet_driver.o
                0x1ffe14a8                ENET_DRV_EnableMDIO
 .text.ENET_DRV_MDIOWrite
                0x1ffe151c       0x58 ./SDK/platform/drivers/src/enet/enet_driver.o
                0x1ffe151c                ENET_DRV_MDIOWrite
 .text.ENET_DRV_MDIORead
                0x1ffe1574       0x58 ./SDK/platform/drivers/src/enet/enet_driver.o
                0x1ffe1574                ENET_DRV_MDIORead
 .text.ENET_DRV_SetMacAddr
                0x1ffe15cc       0x3c ./SDK/platform/drivers/src/enet/enet_driver.o
                0x1ffe15cc                ENET_DRV_SetMacAddr
 .text.ENET_DRV_SetSleepMode
                0x1ffe1608       0x24 ./SDK/platform/drivers/src/enet/enet_driver.o
                0x1ffe1608                ENET_DRV_SetSleepMode
 .text.ENET_DRV_ConfigCounters
                0x1ffe162c       0x38 ./SDK/platform/drivers/src/enet/enet_driver.o
                0x1ffe162c                ENET_DRV_ConfigCounters
 .text.ENET_DRV_Init
                0x1ffe1664      0x14c ./SDK/platform/drivers/src/enet/enet_driver.o
                0x1ffe1664                ENET_DRV_Init
 .text.DMA0_IRQHandler
                0x1ffe17b0        0xc ./SDK/platform/drivers/src/edma/edma_irq.o
                0x1ffe17b0                DMA0_IRQHandler
 .text.DMA1_IRQHandler
                0x1ffe17bc        0xc ./SDK/platform/drivers/src/edma/edma_irq.o
                0x1ffe17bc                DMA1_IRQHandler
 .text.DMA2_IRQHandler
                0x1ffe17c8        0xc ./SDK/platform/drivers/src/edma/edma_irq.o
                0x1ffe17c8                DMA2_IRQHandler
 .text.DMA3_IRQHandler
                0x1ffe17d4        0xc ./SDK/platform/drivers/src/edma/edma_irq.o
                0x1ffe17d4                DMA3_IRQHandler
 .text.DMA4_IRQHandler
                0x1ffe17e0        0xc ./SDK/platform/drivers/src/edma/edma_irq.o
                0x1ffe17e0                DMA4_IRQHandler
 .text.DMA5_IRQHandler
                0x1ffe17ec        0xc ./SDK/platform/drivers/src/edma/edma_irq.o
                0x1ffe17ec                DMA5_IRQHandler
 .text.DMA6_IRQHandler
                0x1ffe17f8        0xc ./SDK/platform/drivers/src/edma/edma_irq.o
                0x1ffe17f8                DMA6_IRQHandler
 .text.DMA7_IRQHandler
                0x1ffe1804        0xc ./SDK/platform/drivers/src/edma/edma_irq.o
                0x1ffe1804                DMA7_IRQHandler
 .text.DMA8_IRQHandler
                0x1ffe1810        0xc ./SDK/platform/drivers/src/edma/edma_irq.o
                0x1ffe1810                DMA8_IRQHandler
 .text.DMA9_IRQHandler
                0x1ffe181c        0xc ./SDK/platform/drivers/src/edma/edma_irq.o
                0x1ffe181c                DMA9_IRQHandler
 .text.DMA10_IRQHandler
                0x1ffe1828        0xc ./SDK/platform/drivers/src/edma/edma_irq.o
                0x1ffe1828                DMA10_IRQHandler
 .text.DMA11_IRQHandler
                0x1ffe1834        0xc ./SDK/platform/drivers/src/edma/edma_irq.o
                0x1ffe1834                DMA11_IRQHandler
 .text.DMA12_IRQHandler
                0x1ffe1840        0xc ./SDK/platform/drivers/src/edma/edma_irq.o
                0x1ffe1840                DMA12_IRQHandler
 .text.DMA13_IRQHandler
                0x1ffe184c        0xc ./SDK/platform/drivers/src/edma/edma_irq.o
                0x1ffe184c                DMA13_IRQHandler
 .text.DMA14_IRQHandler
                0x1ffe1858        0xc ./SDK/platform/drivers/src/edma/edma_irq.o
                0x1ffe1858                DMA14_IRQHandler
 .text.DMA15_IRQHandler
                0x1ffe1864        0xc ./SDK/platform/drivers/src/edma/edma_irq.o
                0x1ffe1864                DMA15_IRQHandler
 .text.DMA_Error_IRQHandler
                0x1ffe1870       0x24 ./SDK/platform/drivers/src/edma/edma_irq.o
                0x1ffe1870                DMA_Error_IRQHandler
 .text.EDMA_SetDmaRequestCmd
                0x1ffe1894        0xc ./SDK/platform/drivers/src/edma/edma_hw_access.o
                0x1ffe1894                EDMA_SetDmaRequestCmd
 .text.EDMA_DRV_ClearIntStatus
                0x1ffe18a0       0x20 ./SDK/platform/drivers/src/edma/edma_driver.o
 .text.EDMA_DRV_IRQHandler
                0x1ffe18c0       0x20 ./SDK/platform/drivers/src/edma/edma_driver.o
                0x1ffe18c0                EDMA_DRV_IRQHandler
 .text.EDMA_DRV_ErrorIRQHandler
                0x1ffe18e0       0x48 ./SDK/platform/drivers/src/edma/edma_driver.o
                0x1ffe18e0                EDMA_DRV_ErrorIRQHandler
 .text.EDMA_DRV_GetDmaRegBaseAddr
                0x1ffe1928       0x10 ./SDK/platform/drivers/src/edma/edma_driver.o
                0x1ffe1928                EDMA_DRV_GetDmaRegBaseAddr
 .text.CLOCK_SYS_Init
                0x1ffe1938       0x28 ./SDK/platform/drivers/src/clock/clock_manager.o
                0x1ffe1938                CLOCK_SYS_Init
 .text.CLOCK_SYS_UpdateConfiguration
                0x1ffe1960      0x104 ./SDK/platform/drivers/src/clock/clock_manager.o
                0x1ffe1960                CLOCK_SYS_UpdateConfiguration
 .text.CLOCK_SYS_GetCurrentRunMode
                0x1ffe1a64       0x24 ./SDK/platform/drivers/src/clock/S32K1xx/clock_S32K1xx.o
 .text.CLOCK_SYS_GetSysOscFreq
                0x1ffe1a88       0x1c ./SDK/platform/drivers/src/clock/S32K1xx/clock_S32K1xx.o
 .text.CLOCK_SYS_ConfigureSOSC
                0x1ffe1aa4      0x12c ./SDK/platform/drivers/src/clock/S32K1xx/clock_S32K1xx.o
 .text.CLOCK_SYS_GetSircFreq
                0x1ffe1bd0       0x34 ./SDK/platform/drivers/src/clock/S32K1xx/clock_S32K1xx.o
 .text.CLOCK_SYS_ConfigureSIRC
                0x1ffe1c04       0xc0 ./SDK/platform/drivers/src/clock/S32K1xx/clock_S32K1xx.o
 .text.CLOCK_SYS_GetFircFreq
                0x1ffe1cc4       0x2c ./SDK/platform/drivers/src/clock/S32K1xx/clock_S32K1xx.o
 .text.CLOCK_SYS_ConfigureFIRC
                0x1ffe1cf0       0xb8 ./SDK/platform/drivers/src/clock/S32K1xx/clock_S32K1xx.o
 .text.CLOCK_SYS_GetSysPllFreq
                0x1ffe1da8       0x44 ./SDK/platform/drivers/src/clock/S32K1xx/clock_S32K1xx.o
 .text.CLOCK_SYS_ConfigureSPLL
                0x1ffe1dec      0x130 ./SDK/platform/drivers/src/clock/S32K1xx/clock_S32K1xx.o
 .text.CLOCK_SYS_SetSystemClockConfig
                0x1ffe1f1c      0x178 ./SDK/platform/drivers/src/clock/S32K1xx/clock_S32K1xx.o
 .text.CLOCK_SYS_TransitionSystemClock
                0x1ffe2094       0x54 ./SDK/platform/drivers/src/clock/S32K1xx/clock_S32K1xx.o
 .text.CLOCK_SYS_GetSystemClockFreq
                0x1ffe20e8       0x84 ./SDK/platform/drivers/src/clock/S32K1xx/clock_S32K1xx.o
 .text.CLOCK_SYS_GetScgClkOutFreq
                0x1ffe216c       0x4c ./SDK/platform/drivers/src/clock/S32K1xx/clock_S32K1xx.o
 .text.CLOCK_SYS_GetSysAsyncFreq
                0x1ffe21b8       0xd4 ./SDK/platform/drivers/src/clock/S32K1xx/clock_S32K1xx.o
 .text.CLOCK_SYS_GetSimRtcClkFreq
                0x1ffe228c       0x54 ./SDK/platform/drivers/src/clock/S32K1xx/clock_S32K1xx.o
 .text.CLOCK_SYS_GetPeripheralClock
                0x1ffe22e0       0x80 ./SDK/platform/drivers/src/clock/S32K1xx/clock_S32K1xx.o
 .text.CLOCK_SYS_GetLpoFreq
                0x1ffe2360       0x54 ./SDK/platform/drivers/src/clock/S32K1xx/clock_S32K1xx.o
 .text.CLOCK_SYS_GetSimClkOutFreq
                0x1ffe23b4       0x94 ./SDK/platform/drivers/src/clock/S32K1xx/clock_S32K1xx.o
 .text.CLOCK_SYS_SetConfiguration
                0x1ffe2448      0x5b8 ./SDK/platform/drivers/src/clock/S32K1xx/clock_S32K1xx.o
                0x1ffe2448                CLOCK_SYS_SetConfiguration
 .text.CLOCK_SYS_GetFreq
                0x1ffe2a00      0x4ac ./SDK/platform/drivers/src/clock/S32K1xx/clock_S32K1xx.o
                0x1ffe2a00                CLOCK_SYS_GetFreq
 .text.init_data_bss
                0x1ffe2eac       0xb0 ./SDK/platform/devices/startup.o
                0x1ffe2eac                init_data_bss
 .text.SystemInit
                0x1ffe2f5c       0x4c ./SDK/platform/devices/S32K148/startup/system_S32K148.o
                0x1ffe2f5c                SystemInit
 *(.rodata)
 *(.rodata*)
 .rodata.fircFreq.6636
                0x1ffe2fa8       0x10 ./SDK/platform/drivers/src/clock/S32K1xx/clock_S32K1xx.o
 .rodata.clockNameMappings
                0x1ffe2fb8       0xb0 ./SDK/platform/drivers/src/clock/S32K1xx/clock_S32K1xx.o
                0x1ffe2fb8                clockNameMappings
 .rodata.maxClocksFreq.6581
                0x1ffe3068       0x24 ./SDK/platform/drivers/src/clock/S32K1xx/clock_S32K1xx.o
 .rodata.peripheralFeaturesList
                0x1ffe308c       0x58 ./SDK/platform/drivers/src/clock/S32K1xx/clock_S32K1xx.o
                0x1ffe308c                peripheralFeaturesList
 .rodata.ethernet1_InitConfig0
                0x1ffe30e4       0x18 ./Generated_Code/ethernet1.o
                0x1ffe30e4                ethernet1_InitConfig0
 *(.glue_7)
 .glue_7        0x00000000        0x0 linker stubs
 *(.glue_7t)
 .glue_7t       0x00000000        0x0 linker stubs
 *(.eh_frame)
 .eh_frame      0x1ffe30fc        0x0 c:/nxp/s32ds_arm_v2018.r1/cross_tools/gcc-arm-none-eabi-4_9/bin/../lib/gcc/arm-none-eabi/4.9.3/armv7e-m/fpu/crtbegin.o
 *(.init)
 .init          0x1ffe30fc        0x4 c:/nxp/s32ds_arm_v2018.r1/cross_tools/gcc-arm-none-eabi-4_9/bin/../lib/gcc/arm-none-eabi/4.9.3/armv7e-m/fpu/crti.o
                0x1ffe30fc                _init
 .init          0x1ffe3100        0x8 c:/nxp/s32ds_arm_v2018.r1/cross_tools/gcc-arm-none-eabi-4_9/bin/../lib/gcc/arm-none-eabi/4.9.3/armv7e-m/fpu/crtn.o
 *(.fini)
 .fini          0x1ffe3108        0x4 c:/nxp/s32ds_arm_v2018.r1/cross_tools/gcc-arm-none-eabi-4_9/bin/../lib/gcc/arm-none-eabi/4.9.3/armv7e-m/fpu/crti.o
                0x1ffe3108                _fini
 .fini          0x1ffe310c        0x8 c:/nxp/s32ds_arm_v2018.r1/cross_tools/gcc-arm-none-eabi-4_9/bin/../lib/gcc/arm-none-eabi/4.9.3/armv7e-m/fpu/crtn.o
                0x1ffe3114                . = ALIGN (0x4)

.vfp11_veneer   0x1ffe3114        0x0
 .vfp11_veneer  0x00000000        0x0 linker stubs

.v4_bx          0x1ffe3114        0x0
 .v4_bx         0x00000000        0x0 linker stubs

.iplt           0x1ffe3114        0x0
 .iplt          0x00000000        0x0 c:/nxp/s32ds_arm_v2018.r1/cross_tools/gcc-arm-none-eabi-4_9/bin/../lib/gcc/arm-none-eabi/4.9.3/armv7e-m/fpu/crtbegin.o

.rel.dyn        0x1ffe3114        0x0
 .rel.iplt      0x00000000        0x0 c:/nxp/s32ds_arm_v2018.r1/cross_tools/gcc-arm-none-eabi-4_9/bin/../lib/gcc/arm-none-eabi/4.9.3/armv7e-m/fpu/crtbegin.o

.code_ram       0x1ffe3114        0x0
                0x1ffe3114                . = ALIGN (0x4)
                0x1ffe3114                __CODE_RAM = .
 *(.code_ram)
                0x1ffe3114                __CODE_ROM = .
                0x1ffe3114                __CODE_END = .
                0x1ffe3114                . = ALIGN (0x4)

.ARM.extab
 *(.ARM.extab* .gnu.linkonce.armextab.*)

.ARM            0x1ffe3114        0x0
                0x1ffe3114                __exidx_start = .
 *(.ARM.exidx*)
                0x1ffe3114                __exidx_end = .

.ctors          0x1ffe3114        0x0
                0x1ffe3114                __CTOR_LIST__ = .
 *crtbegin.o(.ctors)
 *crtbegin?.o(.ctors)
 *(EXCLUDE_FILE(*crtend.o *crtend?.o) .ctors)
 *(SORT(.ctors.*))
 *(.ctors)
                0x1ffe3114                __CTOR_END__ = .

.dtors          0x1ffe3114        0x0
                0x1ffe3114                __DTOR_LIST__ = .
 *crtbegin.o(.dtors)
 *crtbegin?.o(.dtors)
 *(EXCLUDE_FILE(*crtend.o *crtend?.o) .dtors)
 *(SORT(.dtors.*))
 *(.dtors)
                0x1ffe3114                __DTOR_END__ = .

.preinit_array  0x1ffe3114        0x0
                0x1ffe3114                PROVIDE (__preinit_array_start, .)
 *(.preinit_array*)
                0x1ffe3114                PROVIDE (__preinit_array_end, .)

.init_array     0x1ffe3114        0x4
                0x1ffe3114                PROVIDE (__init_array_start, .)
 *(SORT(.init_array.*))
 *(.init_array*)
 .init_array    0x1ffe3114        0x4 c:/nxp/s32ds_arm_v2018.r1/cross_tools/gcc-arm-none-eabi-4_9/bin/../lib/gcc/arm-none-eabi/4.9.3/armv7e-m/fpu/crtbegin.o
                0x1ffe3118                PROVIDE (__init_array_end, .)

.fini_array     0x1ffe3118        0x4
                0x1ffe3118                PROVIDE (__fini_array_start, .)
 *(SORT(.fini_array.*))
 *(.fini_array*)
 .fini_array    0x1ffe3118        0x4 c:/nxp/s32ds_arm_v2018.r1/cross_tools/gcc-arm-none-eabi-4_9/bin/../lib/gcc/arm-none-eabi/4.9.3/armv7e-m/fpu/crtbegin.o
                0x1ffe311c                PROVIDE (__fini_array_end, .)
                0x1ffe311c                __etext = .
                0x1ffe311c                __DATA_ROM = .
                0x1ffe311c                __DATA_END = __DATA_ROM

.customSectionBlock
 *(.customSection)

.data           0x20000000      0xe50
                0x20000000                . = ALIGN (0x4)
                0x20000000                __DATA_RAM = .
                0x20000000                __data_start__ = .
 *(.data)
 *(.data*)
 .data.ethMacAddrTgt
                0x20000000        0x6 ./Sources/main.o
                0x20000000                ethMacAddrTgt
 *fill*         0x20000006        0x2 
 .data.PHY_driver_tja110x
                0x20000008       0x44 ./SDK/platform/drivers/src/phy/phy_tja110x.o
                0x20000008                PHY_driver_tja110x
 .data.PHY_driver_generic
                0x2000004c       0x44 ./SDK/platform/drivers/src/phy/phy_generic.o
                0x2000004c                PHY_driver_generic
 .data.peripheralClockConfig.6357
                0x20000090       0xcd ./SDK/platform/drivers/src/clock/S32K1xx/clock_S32K1xx.o
 *fill*         0x2000015d        0x3 
 .data.g_pin_mux_InitConfigArr
                0x20000160      0xc00 ./Generated_Code/pin_mux.o
                0x20000160                g_pin_mux_InitConfigArr
 .data.phyDrivers
                0x20000d60        0x4 ./Generated_Code/phy_cfg.o
                0x20000d60                phyDrivers
 .data.phyConfig
                0x20000d64       0x20 ./Generated_Code/phy_cfg.o
                0x20000d64                phyConfig
 .data.ethernet1_buffConfig0
                0x20000d84       0x10 ./Generated_Code/ethernet1.o
                0x20000d84                ethernet1_buffConfig0
 .data.ethernet1_MacAddr
                0x20000d94        0x6 ./Generated_Code/ethernet1.o
                0x20000d94                ethernet1_MacAddr
 *fill*         0x20000d9a        0x2 
 .data.clockMan1_InitConfig0
                0x20000d9c       0x78 ./Generated_Code/clockMan1.o
                0x20000d9c                clockMan1_InitConfig0
 .data.peripheralClockConfig0
                0x20000e14       0x32 ./Generated_Code/clockMan1.o
                0x20000e14                peripheralClockConfig0
 *fill*         0x20000e46        0x2 
 .data.g_clockManConfigsArr
                0x20000e48        0x4 ./Generated_Code/clockMan1.o
                0x20000e48                g_clockManConfigsArr
 *(.jcr*)
 .jcr           0x20000e4c        0x0 c:/nxp/s32ds_arm_v2018.r1/cross_tools/gcc-arm-none-eabi-4_9/bin/../lib/gcc/arm-none-eabi/4.9.3/armv7e-m/fpu/crtbegin.o
 .jcr           0x20000e4c        0x4 c:/nxp/s32ds_arm_v2018.r1/cross_tools/gcc-arm-none-eabi-4_9/bin/../lib/gcc/arm-none-eabi/4.9.3/armv7e-m/fpu/crtend.o
                0x20000e50                . = ALIGN (0x4)
                0x20000e50                __data_end__ = .

.igot.plt       0x20000e50        0x0
 .igot.plt      0x00000000        0x0 c:/nxp/s32ds_arm_v2018.r1/cross_tools/gcc-arm-none-eabi-4_9/bin/../lib/gcc/arm-none-eabi/4.9.3/armv7e-m/fpu/crtbegin.o

.bss            0x20000e50     0x2560
                0x20000e50                . = ALIGN (0x4)
                0x20000e50                __BSS_START = .
                0x20000e50                __bss_start__ = .
 *(.bss)
 .bss           0x20000e50       0x1c c:/nxp/s32ds_arm_v2018.r1/cross_tools/gcc-arm-none-eabi-4_9/bin/../lib/gcc/arm-none-eabi/4.9.3/armv7e-m/fpu/crtbegin.o
 *(.bss*)
 .bss.s_osif_tick_cnt
                0x20000e6c        0x4 ./SDK/rtos/osif/osif_baremetal.o
 .bss.initialized.4261
                0x20000e70        0x1 ./SDK/platform/drivers/src/phy/phy_tja110x.o
 *fill*         0x20000e71        0x3 
 .bss.s_phyDrivers
                0x20000e74        0x4 ./SDK/platform/drivers/src/phy/phy.o
 .bss.g_interruptDisableCount
                0x20000e78        0x4 ./SDK/platform/drivers/src/interrupt/interrupt_manager.o
 .bss.g_enetState
                0x20000e7c        0x4 ./SDK/platform/drivers/src/enet/enet_driver.o
                0x20000e7c                g_enetState
 .bss.s_virtEdmaState
                0x20000e80        0x4 ./SDK/platform/drivers/src/edma/edma_driver.o
 .bss.g_clockState
                0x20000e84       0x10 ./SDK/platform/drivers/src/clock/clock_manager.o
 .bss.g_clockManCallbacksArr
                0x20000e94        0x4 ./Generated_Code/clockMan1.o
                0x20000e94                g_clockManCallbacksArr
 *(COMMON)
 COMMON         0x20000e98      0x5ef ./Sources/main.o
                0x20000e98                RxFrame
                0x20000e9c                TxFrame
                0x20001486                PhyLinkUp
 *fill*         0x20001487        0x1 
 COMMON         0x20001488        0x4 ./SDK/platform/drivers/src/phy/phy.o
                0x20001488                g_phyConfig
 COMMON         0x2000148c       0x14 ./SDK/platform/drivers/src/clock/S32K1xx/clock_S32K1xx.o
                0x2000148c                g_xtal0ClkFreq
                0x20001490                g_RtcClkInFreq
                0x20001494                g_TClkFreq
 COMMON         0x200014a0     0x1f10 ./Generated_Code/ethernet1.o
                0x200014a0                ethernet1_txBuffDescrip0
                0x20001540                ethernet1_rxDataBuff0
                0x200032f0                ethernet1_State
                0x20003310                ethernet1_rxBuffDescrip0
                0x200033b0                . = ALIGN (0x4)
                0x200033b0                __bss_end__ = .
                0x200033b0                __BSS_END = .

.heap           0x200033b0      0x400
                0x200033b0                . = ALIGN (0x8)
                0x200033b0                __end__ = .
                0x200033b0                PROVIDE (end, .)
                0x200033b0                PROVIDE (_end, .)
                0x200033b0                PROVIDE (__end, .)
                0x200033b0                __HeapBase = .
                0x200037b0                . = (. + HEAP_SIZE)
 *fill*         0x200033b0      0x400 
                0x200037b0                __HeapLimit = .
                0x200037b0                __heap_limit = .

.stack          0x200037b0      0x400
                0x200037b0                . = ALIGN (0x8)
                0x20003bb0                . = (. + STACK_SIZE)
 *fill*         0x200037b0      0x400 
                0x2001f000                __StackTop = (ORIGIN (m_data) + 0x1f000)
                0x2001ec00                __StackLimit = (__StackTop - STACK_SIZE)
                0x2001f000                PROVIDE (__stack, __StackTop)

.ARM.attributes
                0x00000000       0x30
 *(.ARM.attributes)
 .ARM.attributes
                0x00000000       0x22 c:/nxp/s32ds_arm_v2018.r1/cross_tools/gcc-arm-none-eabi-4_9/bin/../lib/gcc/arm-none-eabi/4.9.3/armv7e-m/fpu/crti.o
 .ARM.attributes
                0x00000022       0x34 c:/nxp/s32ds_arm_v2018.r1/cross_tools/gcc-arm-none-eabi-4_9/bin/../lib/gcc/arm-none-eabi/4.9.3/armv7e-m/fpu/crtbegin.o
 .ARM.attributes
                0x00000056       0x39 ./Sources/main.o
 .ARM.attributes
                0x0000008f       0x39 ./SDK/rtos/osif/osif_baremetal.o
 .ARM.attributes
                0x000000c8       0x39 ./SDK/platform/drivers/src/pins/pins_port_hw_access.o
 .ARM.attributes
                0x00000101       0x39 ./SDK/platform/drivers/src/pins/pins_driver.o
 .ARM.attributes
                0x0000013a       0x39 ./SDK/platform/drivers/src/phy/phy_tja110x.o
 .ARM.attributes
                0x00000173       0x39 ./SDK/platform/drivers/src/phy/phy_generic.o
 .ARM.attributes
                0x000001ac       0x39 ./SDK/platform/drivers/src/phy/phy.o
 .ARM.attributes
                0x000001e5       0x39 ./SDK/platform/drivers/src/interrupt/interrupt_manager.o
 .ARM.attributes
                0x0000021e       0x39 ./SDK/platform/drivers/src/enet/enet_irq.o
 .ARM.attributes
                0x00000257       0x39 ./SDK/platform/drivers/src/enet/enet_hw_access.o
 .ARM.attributes
                0x00000290       0x39 ./SDK/platform/drivers/src/enet/enet_driver.o
 .ARM.attributes
                0x000002c9       0x39 ./SDK/platform/drivers/src/edma/edma_irq.o
 .ARM.attributes
                0x00000302       0x39 ./SDK/platform/drivers/src/edma/edma_hw_access.o
 .ARM.attributes
                0x0000033b       0x39 ./SDK/platform/drivers/src/edma/edma_driver.o
 .ARM.attributes
                0x00000374       0x39 ./SDK/platform/drivers/src/clock/clock_manager.o
 .ARM.attributes
                0x000003ad       0x39 ./SDK/platform/drivers/src/clock/S32K1xx/clock_S32K1xx.o
 .ARM.attributes
                0x000003e6       0x39 ./SDK/platform/devices/startup.o
 .ARM.attributes
                0x0000041f       0x39 ./SDK/platform/devices/S32K148/startup/system_S32K148.o
 .ARM.attributes
                0x00000458       0x1f ./Project_Settings/Startup_Code/startup_S32K148.o
 .ARM.attributes
                0x00000477       0x39 ./Generated_Code/pin_mux.o
 .ARM.attributes
                0x000004b0       0x39 ./Generated_Code/phy_cfg.o
 .ARM.attributes
                0x000004e9       0x39 ./Generated_Code/ethernet1.o
 .ARM.attributes
                0x00000522       0x39 ./Generated_Code/clockMan1.o
 .ARM.attributes
                0x0000055b       0x34 c:/nxp/s32ds_arm_v2018.r1/cross_tools/gcc-arm-none-eabi-4_9/bin/../lib/gcc/arm-none-eabi/4.9.3/armv7e-m/fpu/crtend.o
 .ARM.attributes
                0x0000058f       0x22 c:/nxp/s32ds_arm_v2018.r1/cross_tools/gcc-arm-none-eabi-4_9/bin/../lib/gcc/arm-none-eabi/4.9.3/armv7e-m/fpu/crtn.o
                0x00000001                ASSERT ((__StackLimit >= __HeapLimit), region m_data overflowed with stack and heap)

/DISCARD/
 *(.FlashConfig)
OUTPUT(tja1100_mdio_s32k148.elf elf32-littlearm)

.debug_info     0x00000000    0x1c25d
 .debug_info    0x00000000     0x2520 ./Sources/main.o
 .debug_info    0x00002520      0xb9e ./SDK/rtos/osif/osif_baremetal.o
 .debug_info    0x000030be      0x8cb ./SDK/platform/drivers/src/pins/pins_port_hw_access.o
 .debug_info    0x00003989     0x153d ./SDK/platform/drivers/src/pins/pins_driver.o
 .debug_info    0x00004ec6      0xe7d ./SDK/platform/drivers/src/phy/phy_tja110x.o
 .debug_info    0x00005d43      0xc8b ./SDK/platform/drivers/src/phy/phy_generic.o
 .debug_info    0x000069ce      0xb66 ./SDK/platform/drivers/src/phy/phy.o
 .debug_info    0x00007534      0xc45 ./SDK/platform/drivers/src/interrupt/interrupt_manager.o
 .debug_info    0x00008179      0x8d8 ./SDK/platform/drivers/src/enet/enet_irq.o
 .debug_info    0x00008a51      0xf49 ./SDK/platform/drivers/src/enet/enet_hw_access.o
 .debug_info    0x0000999a     0x30f0 ./SDK/platform/drivers/src/enet/enet_driver.o
 .debug_info    0x0000ca8a      0x6ec ./SDK/platform/drivers/src/edma/edma_irq.o
 .debug_info    0x0000d176      0xa6e ./SDK/platform/drivers/src/edma/edma_hw_access.o
 .debug_info    0x0000dbe4     0x4a72 ./SDK/platform/drivers/src/edma/edma_driver.o
 .debug_info    0x00012656     0x1352 ./SDK/platform/drivers/src/clock/clock_manager.o
 .debug_info    0x000139a8     0x583f ./SDK/platform/drivers/src/clock/S32K1xx/clock_S32K1xx.o
 .debug_info    0x000191e7      0x430 ./SDK/platform/devices/startup.o
 .debug_info    0x00019617      0x654 ./SDK/platform/devices/S32K148/startup/system_S32K148.o
 .debug_info    0x00019c6b       0xe4 ./Project_Settings/Startup_Code/startup_S32K148.o
 .debug_info    0x00019d4f      0x3e8 ./Generated_Code/pin_mux.o
 .debug_info    0x0001a137      0x872 ./Generated_Code/phy_cfg.o
 .debug_info    0x0001a9a9      0x655 ./Generated_Code/ethernet1.o
 .debug_info    0x0001affe     0x125f ./Generated_Code/clockMan1.o

.debug_abbrev   0x00000000     0x2e48
 .debug_abbrev  0x00000000      0x2a1 ./Sources/main.o
 .debug_abbrev  0x000002a1      0x2b8 ./SDK/rtos/osif/osif_baremetal.o
 .debug_abbrev  0x00000559      0x1ac ./SDK/platform/drivers/src/pins/pins_port_hw_access.o
 .debug_abbrev  0x00000705      0x327 ./SDK/platform/drivers/src/pins/pins_driver.o
 .debug_abbrev  0x00000a2c      0x29d ./SDK/platform/drivers/src/phy/phy_tja110x.o
 .debug_abbrev  0x00000cc9      0x234 ./SDK/platform/drivers/src/phy/phy_generic.o
 .debug_abbrev  0x00000efd      0x1cf ./SDK/platform/drivers/src/phy/phy.o
 .debug_abbrev  0x000010cc      0x237 ./SDK/platform/drivers/src/interrupt/interrupt_manager.o
 .debug_abbrev  0x00001303      0x129 ./SDK/platform/drivers/src/enet/enet_irq.o
 .debug_abbrev  0x0000142c      0x26a ./SDK/platform/drivers/src/enet/enet_hw_access.o
 .debug_abbrev  0x00001696      0x3dc ./SDK/platform/drivers/src/enet/enet_driver.o
 .debug_abbrev  0x00001a72      0x1d7 ./SDK/platform/drivers/src/edma/edma_irq.o
 .debug_abbrev  0x00001c49      0x23c ./SDK/platform/drivers/src/edma/edma_hw_access.o
 .debug_abbrev  0x00001e85      0x473 ./SDK/platform/drivers/src/edma/edma_driver.o
 .debug_abbrev  0x000022f8      0x20a ./SDK/platform/drivers/src/clock/clock_manager.o
 .debug_abbrev  0x00002502      0x346 ./SDK/platform/drivers/src/clock/S32K1xx/clock_S32K1xx.o
 .debug_abbrev  0x00002848      0x12a ./SDK/platform/devices/startup.o
 .debug_abbrev  0x00002972      0x134 ./SDK/platform/devices/S32K148/startup/system_S32K148.o
 .debug_abbrev  0x00002aa6       0x14 ./Project_Settings/Startup_Code/startup_S32K148.o
 .debug_abbrev  0x00002aba       0xbe ./Generated_Code/pin_mux.o
 .debug_abbrev  0x00002b78       0xdc ./Generated_Code/phy_cfg.o
 .debug_abbrev  0x00002c54       0xea ./Generated_Code/ethernet1.o
 .debug_abbrev  0x00002d3e      0x10a ./Generated_Code/clockMan1.o

.debug_loc      0x00000000     0xcf96
 .debug_loc     0x00000000       0xda ./Sources/main.o
 .debug_loc     0x000000da      0x3ef ./SDK/rtos/osif/osif_baremetal.o
 .debug_loc     0x000004c9      0x2fd ./SDK/platform/drivers/src/pins/pins_port_hw_access.o
 .debug_loc     0x000007c6      0x49c ./SDK/platform/drivers/src/pins/pins_driver.o
 .debug_loc     0x00000c62      0x5a2 ./SDK/platform/drivers/src/phy/phy_tja110x.o
 .debug_loc     0x00001204      0x598 ./SDK/platform/drivers/src/phy/phy_generic.o
 .debug_loc     0x0000179c      0x49d ./SDK/platform/drivers/src/phy/phy.o
 .debug_loc     0x00001c39      0x639 ./SDK/platform/drivers/src/interrupt/interrupt_manager.o
 .debug_loc     0x00002272      0x347 ./SDK/platform/drivers/src/enet/enet_hw_access.o
 .debug_loc     0x000025b9     0x1479 ./SDK/platform/drivers/src/enet/enet_driver.o
 .debug_loc     0x00003a32       0x3d ./SDK/platform/drivers/src/edma/edma_irq.o
 .debug_loc     0x00003a6f      0x7f0 ./SDK/platform/drivers/src/edma/edma_hw_access.o
 .debug_loc     0x0000425f     0x327c ./SDK/platform/drivers/src/edma/edma_driver.o
 .debug_loc     0x000074db      0x21f ./SDK/platform/drivers/src/clock/clock_manager.o
 .debug_loc     0x000076fa     0x56d9 ./SDK/platform/drivers/src/clock/S32K1xx/clock_S32K1xx.o
 .debug_loc     0x0000cdd3       0xae ./SDK/platform/devices/startup.o
 .debug_loc     0x0000ce81      0x115 ./SDK/platform/devices/S32K148/startup/system_S32K148.o

.debug_aranges  0x00000000      0x9d8
 .debug_aranges
                0x00000000       0x48 ./Sources/main.o
 .debug_aranges
                0x00000048       0x70 ./SDK/rtos/osif/osif_baremetal.o
 .debug_aranges
                0x000000b8       0x30 ./SDK/platform/drivers/src/pins/pins_port_hw_access.o
 .debug_aranges
                0x000000e8       0xe0 ./SDK/platform/drivers/src/pins/pins_driver.o
 .debug_aranges
                0x000001c8       0x68 ./SDK/platform/drivers/src/phy/phy_tja110x.o
 .debug_aranges
                0x00000230       0x88 ./SDK/platform/drivers/src/phy/phy_generic.o
 .debug_aranges
                0x000002b8       0xc0 ./SDK/platform/drivers/src/phy/phy.o
 .debug_aranges
                0x00000378       0x70 ./SDK/platform/drivers/src/interrupt/interrupt_manager.o
 .debug_aranges
                0x000003e8       0x40 ./SDK/platform/drivers/src/enet/enet_irq.o
 .debug_aranges
                0x00000428       0x58 ./SDK/platform/drivers/src/enet/enet_hw_access.o
 .debug_aranges
                0x00000480       0xf8 ./SDK/platform/drivers/src/enet/enet_driver.o
 .debug_aranges
                0x00000578       0xa0 ./SDK/platform/drivers/src/edma/edma_irq.o
 .debug_aranges
                0x00000618       0x88 ./SDK/platform/drivers/src/edma/edma_hw_access.o
 .debug_aranges
                0x000006a0      0x138 ./SDK/platform/drivers/src/edma/edma_driver.o
 .debug_aranges
                0x000007d8       0x38 ./SDK/platform/drivers/src/clock/clock_manager.o
 .debug_aranges
                0x00000810       0xf8 ./SDK/platform/drivers/src/clock/S32K1xx/clock_S32K1xx.o
 .debug_aranges
                0x00000908       0x20 ./SDK/platform/devices/startup.o
 .debug_aranges
                0x00000928       0x30 ./SDK/platform/devices/S32K148/startup/system_S32K148.o
 .debug_aranges
                0x00000958       0x20 ./Project_Settings/Startup_Code/startup_S32K148.o
 .debug_aranges
                0x00000978       0x18 ./Generated_Code/pin_mux.o
 .debug_aranges
                0x00000990       0x18 ./Generated_Code/phy_cfg.o
 .debug_aranges
                0x000009a8       0x18 ./Generated_Code/ethernet1.o
 .debug_aranges
                0x000009c0       0x18 ./Generated_Code/clockMan1.o

.debug_ranges   0x00000000      0xae0
 .debug_ranges  0x00000000       0x38 ./Sources/main.o
 .debug_ranges  0x00000038       0x98 ./SDK/rtos/osif/osif_baremetal.o
 .debug_ranges  0x000000d0       0x20 ./SDK/platform/drivers/src/pins/pins_port_hw_access.o
 .debug_ranges  0x000000f0       0xd0 ./SDK/platform/drivers/src/pins/pins_driver.o
 .debug_ranges  0x000001c0       0x90 ./SDK/platform/drivers/src/phy/phy_tja110x.o
 .debug_ranges  0x00000250       0x90 ./SDK/platform/drivers/src/phy/phy_generic.o
 .debug_ranges  0x000002e0       0xb0 ./SDK/platform/drivers/src/phy/phy.o
 .debug_ranges  0x00000390       0x78 ./SDK/platform/drivers/src/interrupt/interrupt_manager.o
 .debug_ranges  0x00000408       0x30 ./SDK/platform/drivers/src/enet/enet_irq.o
 .debug_ranges  0x00000438       0x48 ./SDK/platform/drivers/src/enet/enet_hw_access.o
 .debug_ranges  0x00000480      0x118 ./SDK/platform/drivers/src/enet/enet_driver.o
 .debug_ranges  0x00000598       0x90 ./SDK/platform/drivers/src/edma/edma_irq.o
 .debug_ranges  0x00000628       0x90 ./SDK/platform/drivers/src/edma/edma_hw_access.o
 .debug_ranges  0x000006b8      0x158 ./SDK/platform/drivers/src/edma/edma_driver.o
 .debug_ranges  0x00000810       0x28 ./SDK/platform/drivers/src/clock/clock_manager.o
 .debug_ranges  0x00000838      0x278 ./SDK/platform/drivers/src/clock/S32K1xx/clock_S32K1xx.o
 .debug_ranges  0x00000ab0       0x10 ./SDK/platform/devices/startup.o
 .debug_ranges  0x00000ac0       0x20 ./SDK/platform/devices/S32K148/startup/system_S32K148.o

.debug_macro    0x00000000    0x34284
 .debug_macro   0x00000000      0xc23 ./Sources/main.o
 .debug_macro   0x00000c23       0x10 ./Sources/main.o
 .debug_macro   0x00000c33       0x73 ./Sources/main.o
 .debug_macro   0x00000ca6       0x16 ./Sources/main.o
 .debug_macro   0x00000cbc       0x22 ./Sources/main.o
 .debug_macro   0x00000cde       0x44 ./Sources/main.o
 .debug_macro   0x00000d22       0xe3 ./Sources/main.o
 .debug_macro   0x00000e05       0x22 ./Sources/main.o
 .debug_macro   0x00000e27      0x1df ./Sources/main.o
 .debug_macro   0x00001006    0x11ce7 ./Sources/main.o
 .debug_macro   0x00012ced      0xb0f ./Sources/main.o
 .debug_macro   0x000137fc       0x22 ./Sources/main.o
 .debug_macro   0x0001381e       0x71 ./Sources/main.o
 .debug_macro   0x0001388f       0x10 ./Sources/main.o
 .debug_macro   0x0001389f       0x58 ./Sources/main.o
 .debug_macro   0x000138f7       0x35 ./Sources/main.o
 .debug_macro   0x0001392c       0x9c ./Sources/main.o
 .debug_macro   0x000139c8       0x16 ./Sources/main.o
 .debug_macro   0x000139de      0x10e ./Sources/main.o
 .debug_macro   0x00013aec       0x7f ./Sources/main.o
 .debug_macro   0x00013b6b       0x52 ./Sources/main.o
 .debug_macro   0x00013bbd       0x16 ./Sources/main.o
 .debug_macro   0x00013bd3       0x43 ./Sources/main.o
 .debug_macro   0x00013c16      0x180 ./Sources/main.o
 .debug_macro   0x00013d96      0x29d ./Sources/main.o
 .debug_macro   0x00014033       0x22 ./Sources/main.o
 .debug_macro   0x00014055       0x75 ./Sources/main.o
 .debug_macro   0x000140ca       0x16 ./Sources/main.o
 .debug_macro   0x000140e0       0x16 ./Sources/main.o
 .debug_macro   0x000140f6       0x10 ./Sources/main.o
 .debug_macro   0x00014106       0x2e ./Sources/main.o
 .debug_macro   0x00014134       0x16 ./Sources/main.o
 .debug_macro   0x0001414a       0x1c ./Sources/main.o
 .debug_macro   0x00014166       0x35 ./Sources/main.o
 .debug_macro   0x0001419b       0x10 ./Sources/main.o
 .debug_macro   0x000141ab       0x10 ./Sources/main.o
 .debug_macro   0x000141bb       0x22 ./Sources/main.o
 .debug_macro   0x000141dd       0xbe ./Sources/main.o
 .debug_macro   0x0001429b       0x16 ./Sources/main.o
 .debug_macro   0x000142b1      0x166 ./Sources/main.o
 .debug_macro   0x00014417       0x16 ./Sources/main.o
 .debug_macro   0x0001442d      0xa3a ./SDK/rtos/osif/osif_baremetal.o
 .debug_macro   0x00014e67      0x166 ./SDK/rtos/osif/osif_baremetal.o
 .debug_macro   0x00014fcd    0x11cf9 ./SDK/rtos/osif/osif_baremetal.o
 .debug_macro   0x00026cc6      0xa26 ./SDK/platform/drivers/src/pins/pins_port_hw_access.o
 .debug_macro   0x000276ec      0xa26 ./SDK/platform/drivers/src/pins/pins_driver.o
 .debug_macro   0x00028112      0xa74 ./SDK/platform/drivers/src/phy/phy_tja110x.o
 .debug_macro   0x00028b86      0xa8c ./SDK/platform/drivers/src/phy/phy_generic.o
 .debug_macro   0x00029612      0xad8 ./SDK/platform/drivers/src/phy/phy.o
 .debug_macro   0x0002a0ea      0x9ff ./SDK/platform/drivers/src/interrupt/interrupt_manager.o
 .debug_macro   0x0002aae9      0xadc ./SDK/platform/drivers/src/enet/enet_irq.o
 .debug_macro   0x0002b5c5       0xb8 ./SDK/platform/drivers/src/enet/enet_irq.o
 .debug_macro   0x0002b67d      0xae2 ./SDK/platform/drivers/src/enet/enet_hw_access.o
 .debug_macro   0x0002c15f      0xb2f ./SDK/platform/drivers/src/enet/enet_driver.o
 .debug_macro   0x0002cc8e       0xbe ./SDK/platform/drivers/src/enet/enet_driver.o
 .debug_macro   0x0002cd4c      0xa19 ./SDK/platform/drivers/src/edma/edma_irq.o
 .debug_macro   0x0002d765       0x10 ./SDK/platform/drivers/src/edma/edma_irq.o
 .debug_macro   0x0002d775      0xa15 ./SDK/platform/drivers/src/edma/edma_hw_access.o
 .debug_macro   0x0002e18a      0xa36 ./SDK/platform/drivers/src/edma/edma_driver.o
 .debug_macro   0x0002ebc0      0xa25 ./SDK/platform/drivers/src/clock/clock_manager.o
 .debug_macro   0x0002f5e5      0xbc3 ./SDK/platform/drivers/src/clock/S32K1xx/clock_S32K1xx.o
 .debug_macro   0x000301a8      0x9ff ./SDK/platform/devices/startup.o
 .debug_macro   0x00030ba7      0x9fe ./SDK/platform/devices/S32K148/startup/system_S32K148.o
 .debug_macro   0x000315a5      0xa25 ./Generated_Code/pin_mux.o
 .debug_macro   0x00031fca      0xb96 ./Generated_Code/phy_cfg.o
 .debug_macro   0x00032b60       0x10 ./Generated_Code/phy_cfg.o
 .debug_macro   0x00032b70      0xb92 ./Generated_Code/ethernet1.o
 .debug_macro   0x00033702      0xb82 ./Generated_Code/clockMan1.o

.debug_line     0x00000000     0x97b6
 .debug_line    0x00000000      0x784 ./Sources/main.o
 .debug_line    0x00000784      0x615 ./SDK/rtos/osif/osif_baremetal.o
 .debug_line    0x00000d99      0x521 ./SDK/platform/drivers/src/pins/pins_port_hw_access.o
 .debug_line    0x000012ba      0x6d6 ./SDK/platform/drivers/src/pins/pins_driver.o
 .debug_line    0x00001990      0x466 ./SDK/platform/drivers/src/phy/phy_tja110x.o
 .debug_line    0x00001df6      0x451 ./SDK/platform/drivers/src/phy/phy_generic.o
 .debug_line    0x00002247      0x661 ./SDK/platform/drivers/src/phy/phy.o
 .debug_line    0x000028a8      0x5af ./SDK/platform/drivers/src/interrupt/interrupt_manager.o
 .debug_line    0x00002e57      0x53c ./SDK/platform/drivers/src/enet/enet_irq.o
 .debug_line    0x00003393      0x5ef ./SDK/platform/drivers/src/enet/enet_hw_access.o
 .debug_line    0x00003982      0xaff ./SDK/platform/drivers/src/enet/enet_driver.o
 .debug_line    0x00004481      0x560 ./SDK/platform/drivers/src/edma/edma_irq.o
 .debug_line    0x000049e1      0x5f1 ./SDK/platform/drivers/src/edma/edma_hw_access.o
 .debug_line    0x00004fd2     0x105c ./SDK/platform/drivers/src/edma/edma_driver.o
 .debug_line    0x0000602e      0x560 ./SDK/platform/drivers/src/clock/clock_manager.o
 .debug_line    0x0000658e     0x1361 ./SDK/platform/drivers/src/clock/S32K1xx/clock_S32K1xx.o
 .debug_line    0x000078ef      0x37d ./SDK/platform/devices/startup.o
 .debug_line    0x00007c6c      0x406 ./SDK/platform/devices/S32K148/startup/system_S32K148.o
 .debug_line    0x00008072       0xc0 ./Project_Settings/Startup_Code/startup_S32K148.o
 .debug_line    0x00008132      0x3d2 ./Generated_Code/pin_mux.o
 .debug_line    0x00008504      0x63a ./Generated_Code/phy_cfg.o
 .debug_line    0x00008b3e      0x63c ./Generated_Code/ethernet1.o
 .debug_line    0x0000917a      0x63c ./Generated_Code/clockMan1.o

.debug_str      0x00000000    0x897ae
 .debug_str     0x00000000    0x820f2 ./Sources/main.o
                              0x825dd (size before relaxing)
 .debug_str     0x000820f2      0x276 ./SDK/rtos/osif/osif_baremetal.o
                              0x7d775 (size before relaxing)
 .debug_str     0x00082368      0x197 ./SDK/platform/drivers/src/pins/pins_port_hw_access.o
                              0x7d435 (size before relaxing)
 .debug_str     0x000824ff      0x51c ./SDK/platform/drivers/src/pins/pins_driver.o
                              0x7d8fb (size before relaxing)
 .debug_str     0x00082a1b      0x4d8 ./SDK/platform/drivers/src/phy/phy_tja110x.o
                               0x4428 (size before relaxing)
 .debug_str     0x00082ef3      0x45e ./SDK/platform/drivers/src/phy/phy_generic.o
                               0x440f (size before relaxing)
 .debug_str     0x00083351      0x196 ./SDK/platform/drivers/src/phy/phy.o
                              0x7f9a0 (size before relaxing)
 .debug_str     0x000834e7      0xaa7 ./SDK/platform/drivers/src/interrupt/interrupt_manager.o
                              0x7cf13 (size before relaxing)
 .debug_str     0x00083f8e      0x6e9 ./SDK/platform/drivers/src/enet/enet_irq.o
                              0x7f6f9 (size before relaxing)
 .debug_str     0x00084677      0x449 ./SDK/platform/drivers/src/enet/enet_hw_access.o
                              0x7fd45 (size before relaxing)
 .debug_str     0x00084ac0      0xe93 ./SDK/platform/drivers/src/enet/enet_driver.o
                              0x81fa8 (size before relaxing)
 .debug_str     0x00085953      0x2ab ./SDK/platform/drivers/src/edma/edma_irq.o
                              0x7ca57 (size before relaxing)
 .debug_str     0x00085bfe      0x4ba ./SDK/platform/drivers/src/edma/edma_hw_access.o
                              0x7cd4c (size before relaxing)
 .debug_str     0x000860b8     0x1410 ./SDK/platform/drivers/src/edma/edma_driver.o
                              0x7f8f0 (size before relaxing)
 .debug_str     0x000874c8      0x1ba ./SDK/platform/drivers/src/clock/clock_manager.o
                              0x7e778 (size before relaxing)
 .debug_str     0x00087682     0x1dd1 ./SDK/platform/drivers/src/clock/S32K1xx/clock_S32K1xx.o
                              0x802a0 (size before relaxing)
 .debug_str     0x00089453      0x14b ./SDK/platform/devices/startup.o
                              0x7c5b6 (size before relaxing)
 .debug_str     0x0008959e       0xe9 ./SDK/platform/devices/S32K148/startup/system_S32K148.o
                              0x7c6e5 (size before relaxing)
 .debug_str     0x00089687       0x1c ./Generated_Code/pin_mux.o
                              0x7caf2 (size before relaxing)
 .debug_str     0x000896a3       0x32 ./Generated_Code/phy_cfg.o
                              0x8007c (size before relaxing)
 .debug_str     0x000896d5       0x8e ./Generated_Code/ethernet1.o
                              0x7f8f7 (size before relaxing)
 .debug_str     0x00089763       0x4b ./Generated_Code/clockMan1.o
                              0x8134d (size before relaxing)

.comment        0x00000000       0x70
 .comment       0x00000000       0x70 ./Sources/main.o
                                 0x71 (size before relaxing)
 .comment       0x00000000       0x71 ./SDK/rtos/osif/osif_baremetal.o
 .comment       0x00000000       0x71 ./SDK/platform/drivers/src/pins/pins_port_hw_access.o
 .comment       0x00000000       0x71 ./SDK/platform/drivers/src/pins/pins_driver.o
 .comment       0x00000000       0x71 ./SDK/platform/drivers/src/phy/phy_tja110x.o
 .comment       0x00000000       0x71 ./SDK/platform/drivers/src/phy/phy_generic.o
 .comment       0x00000000       0x71 ./SDK/platform/drivers/src/phy/phy.o
 .comment       0x00000000       0x71 ./SDK/platform/drivers/src/interrupt/interrupt_manager.o
 .comment       0x00000000       0x71 ./SDK/platform/drivers/src/enet/enet_irq.o
 .comment       0x00000000       0x71 ./SDK/platform/drivers/src/enet/enet_hw_access.o
 .comment       0x00000000       0x71 ./SDK/platform/drivers/src/enet/enet_driver.o
 .comment       0x00000000       0x71 ./SDK/platform/drivers/src/edma/edma_irq.o
 .comment       0x00000000       0x71 ./SDK/platform/drivers/src/edma/edma_hw_access.o
 .comment       0x00000000       0x71 ./SDK/platform/drivers/src/edma/edma_driver.o
 .comment       0x00000000       0x71 ./SDK/platform/drivers/src/clock/clock_manager.o
 .comment       0x00000000       0x71 ./SDK/platform/drivers/src/clock/S32K1xx/clock_S32K1xx.o
 .comment       0x00000000       0x71 ./SDK/platform/devices/startup.o
 .comment       0x00000000       0x71 ./SDK/platform/devices/S32K148/startup/system_S32K148.o
 .comment       0x00000000       0x71 ./Generated_Code/pin_mux.o
 .comment       0x00000000       0x71 ./Generated_Code/phy_cfg.o
 .comment       0x00000000       0x71 ./Generated_Code/ethernet1.o
 .comment       0x00000000       0x71 ./Generated_Code/clockMan1.o

.debug_frame    0x00000000     0x179c
 .debug_frame   0x00000000       0xa8 ./Sources/main.o
 .debug_frame   0x000000a8       0xf4 ./SDK/rtos/osif/osif_baremetal.o
 .debug_frame   0x0000019c       0x78 ./SDK/platform/drivers/src/pins/pins_port_hw_access.o
 .debug_frame   0x00000214      0x1d8 ./SDK/platform/drivers/src/pins/pins_driver.o
 .debug_frame   0x000003ec      0x118 ./SDK/platform/drivers/src/phy/phy_tja110x.o
 .debug_frame   0x00000504      0x188 ./SDK/platform/drivers/src/phy/phy_generic.o
 .debug_frame   0x0000068c      0x21c ./SDK/platform/drivers/src/phy/phy.o
 .debug_frame   0x000008a8       0xe8 ./SDK/platform/drivers/src/interrupt/interrupt_manager.o
 .debug_frame   0x00000990       0x88 ./SDK/platform/drivers/src/enet/enet_irq.o
 .debug_frame   0x00000a18       0xf8 ./SDK/platform/drivers/src/enet/enet_hw_access.o
 .debug_frame   0x00000b10      0x264 ./SDK/platform/drivers/src/enet/enet_driver.o
 .debug_frame   0x00000d74      0x1ac ./SDK/platform/drivers/src/edma/edma_irq.o
 .debug_frame   0x00000f20      0x140 ./SDK/platform/drivers/src/edma/edma_hw_access.o
 .debug_frame   0x00001060      0x37c ./SDK/platform/drivers/src/edma/edma_driver.o
 .debug_frame   0x000013dc       0x74 ./SDK/platform/drivers/src/clock/clock_manager.o
 .debug_frame   0x00001450      0x2e0 ./SDK/platform/drivers/src/clock/S32K1xx/clock_S32K1xx.o
 .debug_frame   0x00001730       0x2c ./SDK/platform/devices/startup.o
 .debug_frame   0x0000175c       0x40 ./SDK/platform/devices/S32K148/startup/system_S32K148.o
